// Jest Snapshot v1, https://goo.gl/fbAQLP

exports[`ChannelSelectorSnapshot matches snapshot 1`] = `
<div>
  <select
    class="bg-discord-dark-light text-white px-4 py-2 rounded-md mb-4"
  >
    <option
      value=""
    >
      Select a voice channel
    </option>
    <option
      value="1"
    >
      Channel 1
    </option>
    <option
      value="2"
    >
      Channel 2
    </option>
  </select>
</div>
`;
